[0.531s] Invoking command in '/home/trae/Desktop/robot_ws/src/rebuild_controller': DEBUGINFOD_URLS=https://debuginfod.ubuntu.com PYTHONPATH=/home/trae/Desktop/robot_ws/build/rebuild_controller/prefix_override:/usr/lib/python3/dist-packages/colcon_core/task/python/colcon_distutils_commands:/home/trae/Desktop/robot_ws/install/rebuild_controller/lib/python3.12/site-packages:${PYTHONPATH} /usr/bin/python3 -W ignore:setup.py install is deprecated -W ignore:easy_install command is deprecated setup.py egg_info --egg-base ../../build/rebuild_controller build --build-base /home/trae/Desktop/robot_ws/build/rebuild_controller/build install --record /home/trae/Desktop/robot_ws/build/rebuild_controller/install.log --install-scripts $base/lib/rebuild_controller --single-version-externally-managed install_data
[0.706s] running egg_info
[0.718s] writing ../../build/rebuild_controller/rebuild_controller.egg-info/PKG-INFO
[0.719s] writing dependency_links to ../../build/rebuild_controller/rebuild_controller.egg-info/dependency_links.txt
[0.719s] writing entry points to ../../build/rebuild_controller/rebuild_controller.egg-info/entry_points.txt
[0.719s] writing requirements to ../../build/rebuild_controller/rebuild_controller.egg-info/requires.txt
[0.719s] writing top-level names to ../../build/rebuild_controller/rebuild_controller.egg-info/top_level.txt
[0.744s] reading manifest file '../../build/rebuild_controller/rebuild_controller.egg-info/SOURCES.txt'
[0.745s] writing manifest file '../../build/rebuild_controller/rebuild_controller.egg-info/SOURCES.txt'
[0.745s] running build
[0.745s] running build_py
[0.745s] copying rebuild_controller/joint_cycler.py -> /home/trae/Desktop/robot_ws/build/rebuild_controller/build/lib/rebuild_controller
[0.745s] running install
[0.749s] running install_lib
[0.762s] copying /home/trae/Desktop/robot_ws/build/rebuild_controller/build/lib/rebuild_controller/joint_cycler.py -> /home/trae/Desktop/robot_ws/install/rebuild_controller/lib/python3.12/site-packages/rebuild_controller
[0.763s] byte-compiling /home/trae/Desktop/robot_ws/install/rebuild_controller/lib/python3.12/site-packages/rebuild_controller/joint_cycler.py to joint_cycler.cpython-312.pyc
[0.763s] Sorry: IndentationError: expected an indented block after function definition on line 25 (joint_cycler.py, line 27)
[0.763s] running install_data
[0.763s] running install_egg_info
[0.777s] removing '/home/trae/Desktop/robot_ws/install/rebuild_controller/lib/python3.12/site-packages/rebuild_controller-0.0.0-py3.12.egg-info' (and everything under it)
[0.777s] Copying ../../build/rebuild_controller/rebuild_controller.egg-info to /home/trae/Desktop/robot_ws/install/rebuild_controller/lib/python3.12/site-packages/rebuild_controller-0.0.0-py3.12.egg-info
[0.778s] running install_scripts
[0.866s] Installing joint_cycler script to /home/trae/Desktop/robot_ws/install/rebuild_controller/lib/rebuild_controller
[0.866s] writing list of installed files to '/home/trae/Desktop/robot_ws/build/rebuild_controller/install.log'
[0.882s] Invoked command in '/home/trae/Desktop/robot_ws/src/rebuild_controller' returned '0': DEBUGINFOD_URLS=https://debuginfod.ubuntu.com PYTHONPATH=/home/trae/Desktop/robot_ws/build/rebuild_controller/prefix_override:/usr/lib/python3/dist-packages/colcon_core/task/python/colcon_distutils_commands:/home/trae/Desktop/robot_ws/install/rebuild_controller/lib/python3.12/site-packages:${PYTHONPATH} /usr/bin/python3 -W ignore:setup.py install is deprecated -W ignore:easy_install command is deprecated setup.py egg_info --egg-base ../../build/rebuild_controller build --build-base /home/trae/Desktop/robot_ws/build/rebuild_controller/build install --record /home/trae/Desktop/robot_ws/build/rebuild_controller/install.log --install-scripts $base/lib/rebuild_controller --single-version-externally-managed install_data
