[0.786s] Invoking command in '/home/trae/Desktop/robot_ws/src/rebuild_controller': DEBUGINFOD_URLS=https://debuginfod.ubuntu.com PYTHONPATH=/home/trae/Desktop/robot_ws/build/rebuild_controller/prefix_override:/usr/lib/python3/dist-packages/colcon_core/task/python/colcon_distutils_commands:/home/trae/Desktop/robot_ws/install/rebuild_controller/lib/python3.12/site-packages:${PYTHONPATH} /usr/bin/python3 -W ignore:setup.py install is deprecated -W ignore:easy_install command is deprecated setup.py egg_info --egg-base ../../build/rebuild_controller build --build-base /home/trae/Desktop/robot_ws/build/rebuild_controller/build install --record /home/trae/Desktop/robot_ws/build/rebuild_controller/install.log --install-scripts $base/lib/rebuild_controller --single-version-externally-managed install_data
[0.966s] running egg_info
[0.966s] creating ../../build/rebuild_controller/rebuild_controller.egg-info
[0.979s] writing ../../build/rebuild_controller/rebuild_controller.egg-info/PKG-INFO
[0.980s] writing dependency_links to ../../build/rebuild_controller/rebuild_controller.egg-info/dependency_links.txt
[0.980s] writing requirements to ../../build/rebuild_controller/rebuild_controller.egg-info/requires.txt
[0.980s] writing top-level names to ../../build/rebuild_controller/rebuild_controller.egg-info/top_level.txt
[0.980s] writing manifest file '../../build/rebuild_controller/rebuild_controller.egg-info/SOURCES.txt'
[1.009s] reading manifest file '../../build/rebuild_controller/rebuild_controller.egg-info/SOURCES.txt'
[1.009s] writing manifest file '../../build/rebuild_controller/rebuild_controller.egg-info/SOURCES.txt'
[1.009s] running build
[1.009s] running build_py
[1.010s] creating /home/trae/Desktop/robot_ws/build/rebuild_controller/build
[1.010s] creating /home/trae/Desktop/robot_ws/build/rebuild_controller/build/lib
[1.010s] creating /home/trae/Desktop/robot_ws/build/rebuild_controller/build/lib/rebuild_controller
[1.010s] copying rebuild_controller/__init__.py -> /home/trae/Desktop/robot_ws/build/rebuild_controller/build/lib/rebuild_controller
[1.010s] copying rebuild_controller/joint_cycler.py -> /home/trae/Desktop/robot_ws/build/rebuild_controller/build/lib/rebuild_controller
[1.010s] running install
[1.014s] running install_lib
[1.028s] creating /home/trae/Desktop/robot_ws/install/rebuild_controller/lib/python3.12/site-packages/rebuild_controller
[1.028s] copying /home/trae/Desktop/robot_ws/build/rebuild_controller/build/lib/rebuild_controller/__init__.py -> /home/trae/Desktop/robot_ws/install/rebuild_controller/lib/python3.12/site-packages/rebuild_controller
[1.028s] copying /home/trae/Desktop/robot_ws/build/rebuild_controller/build/lib/rebuild_controller/joint_cycler.py -> /home/trae/Desktop/robot_ws/install/rebuild_controller/lib/python3.12/site-packages/rebuild_controller
[1.028s] byte-compiling /home/trae/Desktop/robot_ws/install/rebuild_controller/lib/python3.12/site-packages/rebuild_controller/__init__.py to __init__.cpython-312.pyc
[1.029s] byte-compiling /home/trae/Desktop/robot_ws/install/rebuild_controller/lib/python3.12/site-packages/rebuild_controller/joint_cycler.py to joint_cycler.cpython-312.pyc
[1.029s] running install_data
[1.029s] creating /home/trae/Desktop/robot_ws/install/rebuild_controller/share/ament_index
[1.029s] creating /home/trae/Desktop/robot_ws/install/rebuild_controller/share/ament_index/resource_index
[1.029s] creating /home/trae/Desktop/robot_ws/install/rebuild_controller/share/ament_index/resource_index/packages
[1.029s] copying resource/rebuild_controller -> /home/trae/Desktop/robot_ws/install/rebuild_controller/share/ament_index/resource_index/packages
[1.030s] copying package.xml -> /home/trae/Desktop/robot_ws/install/rebuild_controller/share/rebuild_controller
[1.030s] running install_egg_info
[1.044s] Copying ../../build/rebuild_controller/rebuild_controller.egg-info to /home/trae/Desktop/robot_ws/install/rebuild_controller/lib/python3.12/site-packages/rebuild_controller-0.0.0-py3.12.egg-info
[1.045s] running install_scripts
[1.139s] writing list of installed files to '/home/trae/Desktop/robot_ws/build/rebuild_controller/install.log'
[1.159s] Invoked command in '/home/trae/Desktop/robot_ws/src/rebuild_controller' returned '0': DEBUGINFOD_URLS=https://debuginfod.ubuntu.com PYTHONPATH=/home/trae/Desktop/robot_ws/build/rebuild_controller/prefix_override:/usr/lib/python3/dist-packages/colcon_core/task/python/colcon_distutils_commands:/home/trae/Desktop/robot_ws/install/rebuild_controller/lib/python3.12/site-packages:${PYTHONPATH} /usr/bin/python3 -W ignore:setup.py install is deprecated -W ignore:easy_install command is deprecated setup.py egg_info --egg-base ../../build/rebuild_controller build --build-base /home/trae/Desktop/robot_ws/build/rebuild_controller/build install --record /home/trae/Desktop/robot_ws/build/rebuild_controller/install.log --install-scripts $base/lib/rebuild_controller --single-version-externally-managed install_data
