[0.096s] DEBUG:colcon:Command line arguments: ['/usr/bin/colcon', 'build']
[0.096s] DEBUG:colcon:Parsed command line arguments: Namespace(log_base=None, log_level=None, verb_name='build', build_base='build', install_base='install', merge_install=False, symlink_install=False, test_result_base=None, continue_on_error=False, executor='parallel', parallel_workers=16, event_handlers=None, ignore_user_meta=False, metas=['./colcon.meta'], base_paths=['.'], packages_ignore=None, packages_ignore_regex=None, paths=None, packages_up_to=None, packages_up_to_regex=None, packages_above=None, packages_above_and_dependencies=None, packages_above_depth=None, packages_select_by_dep=None, packages_skip_by_dep=None, packages_skip_up_to=None, packages_select_build_failed=False, packages_skip_build_finished=False, packages_select_test_failures=False, packages_skip_test_passed=False, packages_select=None, packages_skip=None, packages_select_regex=None, packages_skip_regex=None, packages_start=None, packages_end=None, allow_overriding=[], cmake_args=None, cmake_target=None, cmake_target_skip_unavailable=False, cmake_clean_cache=False, cmake_clean_first=False, cmake_force_configure=False, ament_cmake_args=None, catkin_cmake_args=None, catkin_skip_building_tests=False, verb_parser=<colcon_defaults.argument_parser.defaults.DefaultArgumentsDecorator object at 0x7be855b15070>, verb_extension=<colcon_core.verb.build.BuildVerb object at 0x7be855b14ef0>, main=<bound method BuildVerb.main of <colcon_core.verb.build.BuildVerb object at 0x7be855b14ef0>>)
[0.137s] Level 1:colcon.colcon_core.package_discovery:discover_packages(colcon_meta) check parameters
[0.137s] Level 1:colcon.colcon_core.package_discovery:discover_packages(recursive) check parameters
[0.137s] Level 1:colcon.colcon_core.package_discovery:discover_packages(ignore) check parameters
[0.137s] Level 1:colcon.colcon_core.package_discovery:discover_packages(path) check parameters
[0.137s] Level 1:colcon.colcon_core.package_discovery:discover_packages(colcon_meta) discover
[0.137s] Level 1:colcon.colcon_core.package_discovery:discover_packages(recursive) discover
[0.137s] INFO:colcon.colcon_core.package_discovery:Crawling recursively for packages in '/home/trae/Desktop/robot_ws'
[0.137s] Level 1:colcon.colcon_core.package_identification:_identify(.) by extensions ['ignore', 'ignore_ament_install']
[0.137s] Level 1:colcon.colcon_core.package_identification:_identify(.) by extension 'ignore'
[0.137s] Level 1:colcon.colcon_core.package_identification:_identify(.) by extension 'ignore_ament_install'
[0.137s] Level 1:colcon.colcon_core.package_identification:_identify(.) by extensions ['colcon_pkg']
[0.137s] Level 1:colcon.colcon_core.package_identification:_identify(.) by extension 'colcon_pkg'
[0.137s] Level 1:colcon.colcon_core.package_identification:_identify(.) by extensions ['colcon_meta']
[0.137s] Level 1:colcon.colcon_core.package_identification:_identify(.) by extension 'colcon_meta'
[0.137s] Level 1:colcon.colcon_core.package_identification:_identify(.) by extensions ['ros']
[0.137s] Level 1:colcon.colcon_core.package_identification:_identify(.) by extension 'ros'
[0.154s] Level 1:colcon.colcon_core.package_identification:_identify(.) by extensions ['cmake', 'python']
[0.154s] Level 1:colcon.colcon_core.package_identification:_identify(.) by extension 'cmake'
[0.154s] Level 1:colcon.colcon_core.package_identification:_identify(.) by extension 'python'
[0.154s] Level 1:colcon.colcon_core.package_identification:_identify(.) by extensions ['python_setup_py']
[0.154s] Level 1:colcon.colcon_core.package_identification:_identify(.) by extension 'python_setup_py'
[0.155s] Level 1:colcon.colcon_core.package_identification:_identify(build) by extensions ['ignore', 'ignore_ament_install']
[0.155s] Level 1:colcon.colcon_core.package_identification:_identify(build) by extension 'ignore'
[0.155s] Level 1:colcon.colcon_core.package_identification:_identify(build) ignored
[0.155s] Level 1:colcon.colcon_core.package_identification:_identify(install) by extensions ['ignore', 'ignore_ament_install']
[0.155s] Level 1:colcon.colcon_core.package_identification:_identify(install) by extension 'ignore'
[0.155s] Level 1:colcon.colcon_core.package_identification:_identify(install) ignored
[0.155s] Level 1:colcon.colcon_core.package_identification:_identify(log) by extensions ['ignore', 'ignore_ament_install']
[0.155s] Level 1:colcon.colcon_core.package_identification:_identify(log) by extension 'ignore'
[0.155s] Level 1:colcon.colcon_core.package_identification:_identify(log) ignored
[0.155s] Level 1:colcon.colcon_core.package_identification:_identify(src) by extensions ['ignore', 'ignore_ament_install']
[0.155s] Level 1:colcon.colcon_core.package_identification:_identify(src) by extension 'ignore'
[0.155s] Level 1:colcon.colcon_core.package_identification:_identify(src) by extension 'ignore_ament_install'
[0.155s] Level 1:colcon.colcon_core.package_identification:_identify(src) by extensions ['colcon_pkg']
[0.155s] Level 1:colcon.colcon_core.package_identification:_identify(src) by extension 'colcon_pkg'
[0.155s] Level 1:colcon.colcon_core.package_identification:_identify(src) by extensions ['colcon_meta']
[0.155s] Level 1:colcon.colcon_core.package_identification:_identify(src) by extension 'colcon_meta'
[0.155s] Level 1:colcon.colcon_core.package_identification:_identify(src) by extensions ['ros']
[0.156s] Level 1:colcon.colcon_core.package_identification:_identify(src) by extension 'ros'
[0.156s] Level 1:colcon.colcon_core.package_identification:_identify(src) by extensions ['cmake', 'python']
[0.156s] Level 1:colcon.colcon_core.package_identification:_identify(src) by extension 'cmake'
[0.156s] Level 1:colcon.colcon_core.package_identification:_identify(src) by extension 'python'
[0.156s] Level 1:colcon.colcon_core.package_identification:_identify(src) by extensions ['python_setup_py']
[0.156s] Level 1:colcon.colcon_core.package_identification:_identify(src) by extension 'python_setup_py'
[0.156s] Level 1:colcon.colcon_core.package_identification:_identify(src/rebuild_controller) by extensions ['ignore', 'ignore_ament_install']
[0.156s] Level 1:colcon.colcon_core.package_identification:_identify(src/rebuild_controller) by extension 'ignore'
[0.156s] Level 1:colcon.colcon_core.package_identification:_identify(src/rebuild_controller) by extension 'ignore_ament_install'
[0.156s] Level 1:colcon.colcon_core.package_identification:_identify(src/rebuild_controller) by extensions ['colcon_pkg']
[0.156s] Level 1:colcon.colcon_core.package_identification:_identify(src/rebuild_controller) by extension 'colcon_pkg'
[0.156s] Level 1:colcon.colcon_core.package_identification:_identify(src/rebuild_controller) by extensions ['colcon_meta']
[0.156s] Level 1:colcon.colcon_core.package_identification:_identify(src/rebuild_controller) by extension 'colcon_meta'
[0.156s] Level 1:colcon.colcon_core.package_identification:_identify(src/rebuild_controller) by extensions ['ros']
[0.156s] Level 1:colcon.colcon_core.package_identification:_identify(src/rebuild_controller) by extension 'ros'
[0.159s] DEBUG:colcon.colcon_core.package_identification:Package 'src/rebuild_controller' with type 'ros.ament_python' and name 'rebuild_controller'
[0.159s] Level 1:colcon.colcon_core.package_identification:_identify(src/rebuild_description) by extensions ['ignore', 'ignore_ament_install']
[0.159s] Level 1:colcon.colcon_core.package_identification:_identify(src/rebuild_description) by extension 'ignore'
[0.159s] Level 1:colcon.colcon_core.package_identification:_identify(src/rebuild_description) by extension 'ignore_ament_install'
[0.159s] Level 1:colcon.colcon_core.package_identification:_identify(src/rebuild_description) by extensions ['colcon_pkg']
[0.159s] Level 1:colcon.colcon_core.package_identification:_identify(src/rebuild_description) by extension 'colcon_pkg'
[0.159s] Level 1:colcon.colcon_core.package_identification:_identify(src/rebuild_description) by extensions ['colcon_meta']
[0.159s] Level 1:colcon.colcon_core.package_identification:_identify(src/rebuild_description) by extension 'colcon_meta'
[0.159s] Level 1:colcon.colcon_core.package_identification:_identify(src/rebuild_description) by extensions ['ros']
[0.159s] Level 1:colcon.colcon_core.package_identification:_identify(src/rebuild_description) by extension 'ros'
[0.160s] DEBUG:colcon.colcon_core.package_identification:Package 'src/rebuild_description' with type 'ros.ament_python' and name 'rebuild_description'
[0.160s] Level 1:colcon.colcon_core.package_discovery:discover_packages(recursive) using defaults
[0.160s] Level 1:colcon.colcon_core.package_discovery:discover_packages(ignore) discover
[0.160s] Level 1:colcon.colcon_core.package_discovery:discover_packages(ignore) using defaults
[0.160s] Level 1:colcon.colcon_core.package_discovery:discover_packages(path) discover
[0.160s] Level 1:colcon.colcon_core.package_discovery:discover_packages(path) using defaults
[0.177s] Level 1:colcon.colcon_core.package_discovery:discover_packages(prefix_path) check parameters
[0.177s] Level 1:colcon.colcon_core.package_discovery:discover_packages(prefix_path) discover
[0.178s] DEBUG:colcon.colcon_installed_package_information.package_discovery:Found 1 installed packages in /home/trae/Desktop/robot_ws/install
[0.179s] DEBUG:colcon.colcon_installed_package_information.package_discovery:Found 292 installed packages in /opt/ros/jazzy
[0.180s] Level 1:colcon.colcon_core.package_discovery:discover_packages(prefix_path) using defaults
[0.211s] Level 5:colcon.colcon_core.verb:set package 'rebuild_controller' build argument 'cmake_args' from command line to 'None'
[0.211s] Level 5:colcon.colcon_core.verb:set package 'rebuild_controller' build argument 'cmake_target' from command line to 'None'
[0.211s] Level 5:colcon.colcon_core.verb:set package 'rebuild_controller' build argument 'cmake_target_skip_unavailable' from command line to 'False'
[0.211s] Level 5:colcon.colcon_core.verb:set package 'rebuild_controller' build argument 'cmake_clean_cache' from command line to 'False'
[0.212s] Level 5:colcon.colcon_core.verb:set package 'rebuild_controller' build argument 'cmake_clean_first' from command line to 'False'
[0.212s] Level 5:colcon.colcon_core.verb:set package 'rebuild_controller' build argument 'cmake_force_configure' from command line to 'False'
[0.212s] Level 5:colcon.colcon_core.verb:set package 'rebuild_controller' build argument 'ament_cmake_args' from command line to 'None'
[0.212s] Level 5:colcon.colcon_core.verb:set package 'rebuild_controller' build argument 'catkin_cmake_args' from command line to 'None'
[0.212s] Level 5:colcon.colcon_core.verb:set package 'rebuild_controller' build argument 'catkin_skip_building_tests' from command line to 'False'
[0.212s] DEBUG:colcon.colcon_core.verb:Building package 'rebuild_controller' with the following arguments: {'ament_cmake_args': None, 'build_base': '/home/trae/Desktop/robot_ws/build/rebuild_controller', 'catkin_cmake_args': None, 'catkin_skip_building_tests': False, 'cmake_args': None, 'cmake_clean_cache': False, 'cmake_clean_first': False, 'cmake_force_configure': False, 'cmake_target': None, 'cmake_target_skip_unavailable': False, 'install_base': '/home/trae/Desktop/robot_ws/install/rebuild_controller', 'merge_install': False, 'path': '/home/trae/Desktop/robot_ws/src/rebuild_controller', 'symlink_install': False, 'test_result_base': None}
[0.212s] Level 5:colcon.colcon_core.verb:set package 'rebuild_description' build argument 'cmake_args' from command line to 'None'
[0.212s] Level 5:colcon.colcon_core.verb:set package 'rebuild_description' build argument 'cmake_target' from command line to 'None'
[0.212s] Level 5:colcon.colcon_core.verb:set package 'rebuild_description' build argument 'cmake_target_skip_unavailable' from command line to 'False'
[0.212s] Level 5:colcon.colcon_core.verb:set package 'rebuild_description' build argument 'cmake_clean_cache' from command line to 'False'
[0.212s] Level 5:colcon.colcon_core.verb:set package 'rebuild_description' build argument 'cmake_clean_first' from command line to 'False'
[0.212s] Level 5:colcon.colcon_core.verb:set package 'rebuild_description' build argument 'cmake_force_configure' from command line to 'False'
[0.212s] Level 5:colcon.colcon_core.verb:set package 'rebuild_description' build argument 'ament_cmake_args' from command line to 'None'
[0.212s] Level 5:colcon.colcon_core.verb:set package 'rebuild_description' build argument 'catkin_cmake_args' from command line to 'None'
[0.212s] Level 5:colcon.colcon_core.verb:set package 'rebuild_description' build argument 'catkin_skip_building_tests' from command line to 'False'
[0.212s] DEBUG:colcon.colcon_core.verb:Building package 'rebuild_description' with the following arguments: {'ament_cmake_args': None, 'build_base': '/home/trae/Desktop/robot_ws/build/rebuild_description', 'catkin_cmake_args': None, 'catkin_skip_building_tests': False, 'cmake_args': None, 'cmake_clean_cache': False, 'cmake_clean_first': False, 'cmake_force_configure': False, 'cmake_target': None, 'cmake_target_skip_unavailable': False, 'install_base': '/home/trae/Desktop/robot_ws/install/rebuild_description', 'merge_install': False, 'path': '/home/trae/Desktop/robot_ws/src/rebuild_description', 'symlink_install': False, 'test_result_base': None}
[0.212s] INFO:colcon.colcon_core.executor:Executing jobs using 'parallel' executor
[0.213s] DEBUG:colcon.colcon_parallel_executor.executor.parallel:run_until_complete
[0.213s] INFO:colcon.colcon_ros.task.ament_python.build:Building ROS package in '/home/trae/Desktop/robot_ws/src/rebuild_controller' with build type 'ament_python'
[0.213s] Level 1:colcon.colcon_core.shell:create_environment_hook('rebuild_controller', 'ament_prefix_path')
[0.216s] INFO:colcon.colcon_core.plugin_system:Skipping extension 'colcon_core.shell.bat': Not used on non-Windows systems
[0.216s] INFO:colcon.colcon_core.shell:Creating environment hook '/home/trae/Desktop/robot_ws/install/rebuild_controller/share/rebuild_controller/hook/ament_prefix_path.ps1'
[0.217s] INFO:colcon.colcon_core.shell:Creating environment descriptor '/home/trae/Desktop/robot_ws/install/rebuild_controller/share/rebuild_controller/hook/ament_prefix_path.dsv'
[0.217s] INFO:colcon.colcon_core.shell:Creating environment hook '/home/trae/Desktop/robot_ws/install/rebuild_controller/share/rebuild_controller/hook/ament_prefix_path.sh'
[0.218s] INFO:colcon.colcon_core.shell:Skip shell extension 'powershell' for command environment: Not usable outside of PowerShell
[0.218s] DEBUG:colcon.colcon_core.shell:Skip shell extension 'dsv' for command environment
[0.220s] INFO:colcon.colcon_ros.task.ament_python.build:Building ROS package in '/home/trae/Desktop/robot_ws/src/rebuild_description' with build type 'ament_python'
[0.220s] Level 1:colcon.colcon_core.shell:create_environment_hook('rebuild_description', 'ament_prefix_path')
[0.221s] INFO:colcon.colcon_core.shell:Creating environment hook '/home/trae/Desktop/robot_ws/install/rebuild_description/share/rebuild_description/hook/ament_prefix_path.ps1'
[0.221s] INFO:colcon.colcon_core.shell:Creating environment descriptor '/home/trae/Desktop/robot_ws/install/rebuild_description/share/rebuild_description/hook/ament_prefix_path.dsv'
[0.221s] INFO:colcon.colcon_core.shell:Creating environment hook '/home/trae/Desktop/robot_ws/install/rebuild_description/share/rebuild_description/hook/ament_prefix_path.sh'
[0.222s] INFO:colcon.colcon_core.shell:Skip shell extension 'powershell' for command environment: Not usable outside of PowerShell
[0.222s] DEBUG:colcon.colcon_core.shell:Skip shell extension 'dsv' for command environment
[0.369s] INFO:colcon.colcon_core.task.python.build:Building Python package in '/home/trae/Desktop/robot_ws/src/rebuild_controller'
[0.369s] INFO:colcon.colcon_core.shell:Skip shell extension 'powershell' for command environment: Not usable outside of PowerShell
[0.369s] DEBUG:colcon.colcon_core.shell:Skip shell extension 'dsv' for command environment
[0.516s] INFO:colcon.colcon_core.task.python.build:Building Python package in '/home/trae/Desktop/robot_ws/src/rebuild_description'
[0.516s] INFO:colcon.colcon_core.shell:Skip shell extension 'powershell' for command environment: Not usable outside of PowerShell
[0.516s] DEBUG:colcon.colcon_core.shell:Skip shell extension 'dsv' for command environment
[0.994s] DEBUG:colcon.colcon_core.task.python.build:Available setuptools commands: symlink_data, build, bdist_dumb, bdist, egg_info, build_ext, install_headers, init_catalog, build_py, easy_install, sdist, saveopts, bdist_egg, install_egg_info, bdist_rpm, compile_catalog, update_catalog, clean, build_clib, test, install_data, install, install_scripts, check, setopt, upload_docs, develop, register, dist_info, alias, install_lib, build_scripts, upload, extract_messages, editable_wheel, rotate
[0.997s] DEBUG:colcon.colcon_core.task.python.build:Available setuptools commands: symlink_data, build, bdist_dumb, bdist, egg_info, build_ext, install_headers, init_catalog, build_py, easy_install, sdist, saveopts, bdist_egg, install_egg_info, bdist_rpm, compile_catalog, update_catalog, clean, build_clib, test, install_data, install, install_scripts, check, setopt, upload_docs, develop, register, dist_info, alias, install_lib, build_scripts, upload, extract_messages, editable_wheel, rotate
[0.998s] DEBUG:colcon.colcon_core.event_handler.log_command:Invoking command in '/home/trae/Desktop/robot_ws/src/rebuild_description': DEBUGINFOD_URLS=https://debuginfod.ubuntu.com PYTHONPATH=/home/trae/Desktop/robot_ws/build/rebuild_description/prefix_override:/usr/lib/python3/dist-packages/colcon_core/task/python/colcon_distutils_commands:/home/trae/Desktop/robot_ws/install/rebuild_description/lib/python3.12/site-packages:${PYTHONPATH} /usr/bin/python3 -W ignore:setup.py install is deprecated -W ignore:easy_install command is deprecated setup.py egg_info --egg-base ../../build/rebuild_description build --build-base /home/trae/Desktop/robot_ws/build/rebuild_description/build install --record /home/trae/Desktop/robot_ws/build/rebuild_description/install.log --install-scripts $base/lib/fusion2urdf_ros2 --single-version-externally-managed install_data
[0.999s] DEBUG:colcon.colcon_core.event_handler.log_command:Invoking command in '/home/trae/Desktop/robot_ws/src/rebuild_controller': DEBUGINFOD_URLS=https://debuginfod.ubuntu.com PYTHONPATH=/home/trae/Desktop/robot_ws/build/rebuild_controller/prefix_override:/usr/lib/python3/dist-packages/colcon_core/task/python/colcon_distutils_commands:/home/trae/Desktop/robot_ws/install/rebuild_controller/lib/python3.12/site-packages:${PYTHONPATH} /usr/bin/python3 -W ignore:setup.py install is deprecated -W ignore:easy_install command is deprecated setup.py egg_info --egg-base ../../build/rebuild_controller build --build-base /home/trae/Desktop/robot_ws/build/rebuild_controller/build install --record /home/trae/Desktop/robot_ws/build/rebuild_controller/install.log --install-scripts $base/lib/rebuild_controller --single-version-externally-managed install_data
[1.360s] DEBUG:colcon.colcon_core.event_handler.log_command:Invoked command in '/home/trae/Desktop/robot_ws/src/rebuild_description' returned '0': DEBUGINFOD_URLS=https://debuginfod.ubuntu.com PYTHONPATH=/home/trae/Desktop/robot_ws/build/rebuild_description/prefix_override:/usr/lib/python3/dist-packages/colcon_core/task/python/colcon_distutils_commands:/home/trae/Desktop/robot_ws/install/rebuild_description/lib/python3.12/site-packages:${PYTHONPATH} /usr/bin/python3 -W ignore:setup.py install is deprecated -W ignore:easy_install command is deprecated setup.py egg_info --egg-base ../../build/rebuild_description build --build-base /home/trae/Desktop/robot_ws/build/rebuild_description/build install --record /home/trae/Desktop/robot_ws/build/rebuild_description/install.log --install-scripts $base/lib/fusion2urdf_ros2 --single-version-externally-managed install_data
[1.363s] Level 1:colcon.colcon_core.environment:checking '/home/trae/Desktop/robot_ws/install/rebuild_description' for CMake module files
[1.364s] Level 1:colcon.colcon_core.environment:checking '/home/trae/Desktop/robot_ws/install/rebuild_description' for CMake config files
[1.364s] Level 1:colcon.colcon_core.environment:checking '/home/trae/Desktop/robot_ws/install/rebuild_description/lib'
[1.364s] Level 1:colcon.colcon_core.environment:checking '/home/trae/Desktop/robot_ws/install/rebuild_description/bin'
[1.364s] Level 1:colcon.colcon_core.environment:checking '/home/trae/Desktop/robot_ws/install/rebuild_description/lib/pkgconfig/rebuild_description.pc'
[1.365s] Level 1:colcon.colcon_core.environment:checking '/home/trae/Desktop/robot_ws/install/rebuild_description/lib/python3.12/site-packages'
[1.365s] Level 1:colcon.colcon_core.shell:create_environment_hook('rebuild_description', 'pythonpath')
[1.365s] INFO:colcon.colcon_core.shell:Creating environment hook '/home/trae/Desktop/robot_ws/install/rebuild_description/share/rebuild_description/hook/pythonpath.ps1'
[1.365s] INFO:colcon.colcon_core.shell:Creating environment descriptor '/home/trae/Desktop/robot_ws/install/rebuild_description/share/rebuild_description/hook/pythonpath.dsv'
[1.365s] INFO:colcon.colcon_core.shell:Creating environment hook '/home/trae/Desktop/robot_ws/install/rebuild_description/share/rebuild_description/hook/pythonpath.sh'
[1.366s] Level 1:colcon.colcon_core.environment:checking '/home/trae/Desktop/robot_ws/install/rebuild_description/bin'
[1.366s] Level 1:colcon.colcon_core.environment:create_environment_scripts_only(rebuild_description)
[1.366s] INFO:colcon.colcon_core.shell:Creating package script '/home/trae/Desktop/robot_ws/install/rebuild_description/share/rebuild_description/package.ps1'
[1.367s] INFO:colcon.colcon_core.shell:Creating package descriptor '/home/trae/Desktop/robot_ws/install/rebuild_description/share/rebuild_description/package.dsv'
[1.367s] INFO:colcon.colcon_core.shell:Creating package script '/home/trae/Desktop/robot_ws/install/rebuild_description/share/rebuild_description/package.sh'
[1.368s] INFO:colcon.colcon_core.shell:Creating package script '/home/trae/Desktop/robot_ws/install/rebuild_description/share/rebuild_description/package.bash'
[1.368s] INFO:colcon.colcon_core.shell:Creating package script '/home/trae/Desktop/robot_ws/install/rebuild_description/share/rebuild_description/package.zsh'
[1.369s] Level 1:colcon.colcon_core.environment:create_file_with_runtime_dependencies(/home/trae/Desktop/robot_ws/install/rebuild_description/share/colcon-core/packages/rebuild_description)
[1.372s] Level 1:colcon.colcon_core.environment:checking '/home/trae/Desktop/robot_ws/install/rebuild_controller' for CMake module files
[1.372s] DEBUG:colcon.colcon_core.event_handler.log_command:Invoked command in '/home/trae/Desktop/robot_ws/src/rebuild_controller' returned '0': DEBUGINFOD_URLS=https://debuginfod.ubuntu.com PYTHONPATH=/home/trae/Desktop/robot_ws/build/rebuild_controller/prefix_override:/usr/lib/python3/dist-packages/colcon_core/task/python/colcon_distutils_commands:/home/trae/Desktop/robot_ws/install/rebuild_controller/lib/python3.12/site-packages:${PYTHONPATH} /usr/bin/python3 -W ignore:setup.py install is deprecated -W ignore:easy_install command is deprecated setup.py egg_info --egg-base ../../build/rebuild_controller build --build-base /home/trae/Desktop/robot_ws/build/rebuild_controller/build install --record /home/trae/Desktop/robot_ws/build/rebuild_controller/install.log --install-scripts $base/lib/rebuild_controller --single-version-externally-managed install_data
[1.373s] Level 1:colcon.colcon_core.environment:checking '/home/trae/Desktop/robot_ws/install/rebuild_controller' for CMake config files
[1.373s] Level 1:colcon.colcon_core.environment:checking '/home/trae/Desktop/robot_ws/install/rebuild_controller/lib'
[1.373s] Level 1:colcon.colcon_core.environment:checking '/home/trae/Desktop/robot_ws/install/rebuild_controller/bin'
[1.373s] Level 1:colcon.colcon_core.environment:checking '/home/trae/Desktop/robot_ws/install/rebuild_controller/lib/pkgconfig/rebuild_controller.pc'
[1.373s] Level 1:colcon.colcon_core.environment:checking '/home/trae/Desktop/robot_ws/install/rebuild_controller/lib/python3.12/site-packages'
[1.373s] Level 1:colcon.colcon_core.shell:create_environment_hook('rebuild_controller', 'pythonpath')
[1.374s] INFO:colcon.colcon_core.shell:Creating environment hook '/home/trae/Desktop/robot_ws/install/rebuild_controller/share/rebuild_controller/hook/pythonpath.ps1'
[1.374s] INFO:colcon.colcon_core.shell:Creating environment descriptor '/home/trae/Desktop/robot_ws/install/rebuild_controller/share/rebuild_controller/hook/pythonpath.dsv'
[1.374s] INFO:colcon.colcon_core.shell:Creating environment hook '/home/trae/Desktop/robot_ws/install/rebuild_controller/share/rebuild_controller/hook/pythonpath.sh'
[1.375s] Level 1:colcon.colcon_core.environment:checking '/home/trae/Desktop/robot_ws/install/rebuild_controller/bin'
[1.375s] Level 1:colcon.colcon_core.environment:create_environment_scripts_only(rebuild_controller)
[1.375s] INFO:colcon.colcon_core.shell:Creating package script '/home/trae/Desktop/robot_ws/install/rebuild_controller/share/rebuild_controller/package.ps1'
[1.375s] INFO:colcon.colcon_core.shell:Creating package descriptor '/home/trae/Desktop/robot_ws/install/rebuild_controller/share/rebuild_controller/package.dsv'
[1.375s] INFO:colcon.colcon_core.shell:Creating package script '/home/trae/Desktop/robot_ws/install/rebuild_controller/share/rebuild_controller/package.sh'
[1.376s] INFO:colcon.colcon_core.shell:Creating package script '/home/trae/Desktop/robot_ws/install/rebuild_controller/share/rebuild_controller/package.bash'
[1.376s] INFO:colcon.colcon_core.shell:Creating package script '/home/trae/Desktop/robot_ws/install/rebuild_controller/share/rebuild_controller/package.zsh'
[1.376s] Level 1:colcon.colcon_core.environment:create_file_with_runtime_dependencies(/home/trae/Desktop/robot_ws/install/rebuild_controller/share/colcon-core/packages/rebuild_controller)
[1.376s] DEBUG:colcon.colcon_parallel_executor.executor.parallel:closing loop
[1.377s] DEBUG:colcon.colcon_parallel_executor.executor.parallel:loop closed
[1.377s] DEBUG:colcon.colcon_parallel_executor.executor.parallel:run_until_complete finished with '0'
[1.377s] DEBUG:colcon.colcon_core.event_reactor:joining thread
[1.381s] INFO:colcon.colcon_core.plugin_system:Skipping extension 'colcon_notification.desktop_notification.terminal_notifier': Not used on non-Darwin systems
[1.381s] INFO:colcon.colcon_core.plugin_system:Skipping extension 'colcon_notification.desktop_notification.win32': Not used on non-Windows systems
[1.381s] INFO:colcon.colcon_notification.desktop_notification:Sending desktop notification using 'notify2'
[1.395s] DEBUG:colcon.colcon_core.event_reactor:joined thread
[1.395s] INFO:colcon.colcon_core.shell:Creating prefix script '/home/trae/Desktop/robot_ws/install/local_setup.ps1'
[1.396s] INFO:colcon.colcon_core.shell:Creating prefix util module '/home/trae/Desktop/robot_ws/install/_local_setup_util_ps1.py'
[1.397s] INFO:colcon.colcon_core.shell:Creating prefix chain script '/home/trae/Desktop/robot_ws/install/setup.ps1'
[1.398s] INFO:colcon.colcon_core.shell:Creating prefix script '/home/trae/Desktop/robot_ws/install/local_setup.sh'
[1.399s] INFO:colcon.colcon_core.shell:Creating prefix util module '/home/trae/Desktop/robot_ws/install/_local_setup_util_sh.py'
[1.399s] INFO:colcon.colcon_core.shell:Creating prefix chain script '/home/trae/Desktop/robot_ws/install/setup.sh'
[1.400s] INFO:colcon.colcon_core.shell:Creating prefix script '/home/trae/Desktop/robot_ws/install/local_setup.bash'
[1.401s] INFO:colcon.colcon_core.shell:Creating prefix chain script '/home/trae/Desktop/robot_ws/install/setup.bash'
[1.401s] INFO:colcon.colcon_core.shell:Creating prefix script '/home/trae/Desktop/robot_ws/install/local_setup.zsh'
[1.402s] INFO:colcon.colcon_core.shell:Creating prefix chain script '/home/trae/Desktop/robot_ws/install/setup.zsh'
