running egg_info
creating ../../build/rebuild_description/rebuild_description.egg-info
writing ../../build/rebuild_description/rebuild_description.egg-info/PKG-INFO
writing dependency_links to ../../build/rebuild_description/rebuild_description.egg-info/dependency_links.txt
writing requirements to ../../build/rebuild_description/rebuild_description.egg-info/requires.txt
writing top-level names to ../../build/rebuild_description/rebuild_description.egg-info/top_level.txt
writing manifest file '../../build/rebuild_description/rebuild_description.egg-info/SOURCES.txt'
reading manifest file '../../build/rebuild_description/rebuild_description.egg-info/SOURCES.txt'
writing manifest file '../../build/rebuild_description/rebuild_description.egg-info/SOURCES.txt'
running build
running build_py
creating /home/trae/Desktop/robot_ws/build/rebuild_description/build
creating /home/trae/Desktop/robot_ws/build/rebuild_description/build/lib
creating /home/trae/Desktop/robot_ws/build/rebuild_description/build/lib/rebuild_description
copying rebuild_description/__init__.py -> /home/trae/Desktop/robot_ws/build/rebuild_description/build/lib/rebuild_description
running install
running install_lib
creating /home/trae/Desktop/robot_ws/install/rebuild_description/lib/python3.12/site-packages/rebuild_description
copying /home/trae/Desktop/robot_ws/build/rebuild_description/build/lib/rebuild_description/__init__.py -> /home/trae/Desktop/robot_ws/install/rebuild_description/lib/python3.12/site-packages/rebuild_description
byte-compiling /home/trae/Desktop/robot_ws/install/rebuild_description/lib/python3.12/site-packages/rebuild_description/__init__.py to __init__.cpython-312.pyc
running install_data
creating /home/trae/Desktop/robot_ws/install/rebuild_description/share/ament_index
creating /home/trae/Desktop/robot_ws/install/rebuild_description/share/ament_index/resource_index
creating /home/trae/Desktop/robot_ws/install/rebuild_description/share/ament_index/resource_index/packages
copying resource/rebuild_description -> /home/trae/Desktop/robot_ws/install/rebuild_description/share/ament_index/resource_index/packages
copying package.xml -> /home/trae/Desktop/robot_ws/install/rebuild_description/share/rebuild_description
creating /home/trae/Desktop/robot_ws/install/rebuild_description/share/rebuild_description/launch
copying launch/display.launch.py -> /home/trae/Desktop/robot_ws/install/rebuild_description/share/rebuild_description/launch
copying launch/gazebo.launch.py -> /home/trae/Desktop/robot_ws/install/rebuild_description/share/rebuild_description/launch
creating /home/trae/Desktop/robot_ws/install/rebuild_description/share/rebuild_description/urdf
copying urdf/my_robot.urdf -> /home/trae/Desktop/robot_ws/install/rebuild_description/share/rebuild_description/urdf
copying urdf/materials.xacro -> /home/trae/Desktop/robot_ws/install/rebuild_description/share/rebuild_description/urdf
copying urdf/rebuild.xacro -> /home/trae/Desktop/robot_ws/install/rebuild_description/share/rebuild_description/urdf
copying urdf/rebuild.gazebo -> /home/trae/Desktop/robot_ws/install/rebuild_description/share/rebuild_description/urdf
copying urdf/rebuild.ros2control -> /home/trae/Desktop/robot_ws/install/rebuild_description/share/rebuild_description/urdf
creating /home/trae/Desktop/robot_ws/install/rebuild_description/share/rebuild_description/meshes
copying meshes/passivejaw_link_1.stl -> /home/trae/Desktop/robot_ws/install/rebuild_description/share/rebuild_description/meshes
copying meshes/Wrist_pitch_1.stl -> /home/trae/Desktop/robot_ws/install/rebuild_description/share/rebuild_description/meshes
copying meshes/passivejaw_link_old.stl -> /home/trae/Desktop/robot_ws/install/rebuild_description/share/rebuild_description/meshes
copying meshes/upperarm_link_1.stl -> /home/trae/Desktop/robot_ws/install/rebuild_description/share/rebuild_description/meshes
copying meshes/output_puly (1) (1).stl -> /home/trae/Desktop/robot_ws/install/rebuild_description/share/rebuild_description/meshes
copying meshes/shoulder_link_1.stl -> /home/trae/Desktop/robot_ws/install/rebuild_description/share/rebuild_description/meshes
copying meshes/activejaw_link_1.stl -> /home/trae/Desktop/robot_ws/install/rebuild_description/share/rebuild_description/meshes
copying meshes/Motor_with_encoderback length (1).stl -> /home/trae/Desktop/robot_ws/install/rebuild_description/share/rebuild_description/meshes
copying meshes/base_link.stl -> /home/trae/Desktop/robot_ws/install/rebuild_description/share/rebuild_description/meshes
copying meshes/Motor_with_encoderback length.stl -> /home/trae/Desktop/robot_ws/install/rebuild_description/share/rebuild_description/meshes
copying meshes/Endo_link_1.stl -> /home/trae/Desktop/robot_ws/install/rebuild_description/share/rebuild_description/meshes
copying meshes/as5047P COVER v3.stl -> /home/trae/Desktop/robot_ws/install/rebuild_description/share/rebuild_description/meshes
copying meshes/Motor_Base_1.stl -> /home/trae/Desktop/robot_ws/install/rebuild_description/share/rebuild_description/meshes
copying meshes/elbow_link_1.stl -> /home/trae/Desktop/robot_ws/install/rebuild_description/share/rebuild_description/meshes
copying meshes/Spur Gear 24 teeth.stl -> /home/trae/Desktop/robot_ws/install/rebuild_description/share/rebuild_description/meshes
copying meshes/wrist_link_1.stl -> /home/trae/Desktop/robot_ws/install/rebuild_description/share/rebuild_description/meshes
copying meshes/as5047P COVER v10.stl -> /home/trae/Desktop/robot_ws/install/rebuild_description/share/rebuild_description/meshes
copying meshes/cLAMP.stl -> /home/trae/Desktop/robot_ws/install/rebuild_description/share/rebuild_description/meshes
creating /home/trae/Desktop/robot_ws/install/rebuild_description/share/rebuild_description/config
copying config/ros_gz_bridge_gazebo.yaml -> /home/trae/Desktop/robot_ws/install/rebuild_description/share/rebuild_description/config
copying config/gazebo.rviz -> /home/trae/Desktop/robot_ws/install/rebuild_description/share/rebuild_description/config
copying config/display.rviz -> /home/trae/Desktop/robot_ws/install/rebuild_description/share/rebuild_description/config
running install_egg_info
Copying ../../build/rebuild_description/rebuild_description.egg-info to /home/trae/Desktop/robot_ws/install/rebuild_description/lib/python3.12/site-packages/rebuild_description-0.0.0-py3.12.egg-info
running install_scripts
writing list of installed files to '/home/trae/Desktop/robot_ws/build/rebuild_description/install.log'
